// Jest Snapshot v1, https://goo.gl/fbAQLP

exports[`<ListTask /> defines card tasks changes as checkbox is checked/unchecked 1`] = `
<WithStyles(ForwardRef(Typography))
  align="center"
  component="h5"
  variant="h5"
>
  Задач нет!
</WithStyles(ForwardRef(Typography))>
`;
